Archive member included to satisfy reference by file (symbol)

d:/programs/stm32_cube/stm32cubeide_1.3.0/stm32cubeide/plugins/com.st.stm32cube.ide.mcu.externaltools.gnu-tools-for-stm32.7-2018-q2-update.win32_1.0.0.201904181610/tools/bin/../lib/gcc/arm-none-eabi/7.3.1/../../../../arm-none-eabi/lib/thumb/v7e-m/fpv4-sp/hard\libc_nano.a(lib_a-errno.o)
                              Core/Src/syscalls.o (__errno)
d:/programs/stm32_cube/stm32cubeide_1.3.0/stm32cubeide/plugins/com.st.stm32cube.ide.mcu.externaltools.gnu-tools-for-stm32.7-2018-q2-update.win32_1.0.0.201904181610/tools/bin/../lib/gcc/arm-none-eabi/7.3.1/../../../../arm-none-eabi/lib/thumb/v7e-m/fpv4-sp/hard\libc_nano.a(lib_a-exit.o)
                              d:/programs/stm32_cube/stm32cubeide_1.3.0/stm32cubeide/plugins/com.st.stm32cube.ide.mcu.externaltools.gnu-tools-for-stm32.7-2018-q2-update.win32_1.0.0.201904181610/tools/bin/../lib/gcc/arm-none-eabi/7.3.1/../../../../arm-none-eabi/lib/thumb/v7e-m/fpv4-sp/hard/crt0.o (exit)
d:/programs/stm32_cube/stm32cubeide_1.3.0/stm32cubeide/plugins/com.st.stm32cube.ide.mcu.externaltools.gnu-tools-for-stm32.7-2018-q2-update.win32_1.0.0.201904181610/tools/bin/../lib/gcc/arm-none-eabi/7.3.1/../../../../arm-none-eabi/lib/thumb/v7e-m/fpv4-sp/hard\libc_nano.a(lib_a-impure.o)
                              d:/programs/stm32_cube/stm32cubeide_1.3.0/stm32cubeide/plugins/com.st.stm32cube.ide.mcu.externaltools.gnu-tools-for-stm32.7-2018-q2-update.win32_1.0.0.201904181610/tools/bin/../lib/gcc/arm-none-eabi/7.3.1/../../../../arm-none-eabi/lib/thumb/v7e-m/fpv4-sp/hard\libc_nano.a(lib_a-exit.o) (_global_impure_ptr)
d:/programs/stm32_cube/stm32cubeide_1.3.0/stm32cubeide/plugins/com.st.stm32cube.ide.mcu.externaltools.gnu-tools-for-stm32.7-2018-q2-update.win32_1.0.0.201904181610/tools/bin/../lib/gcc/arm-none-eabi/7.3.1/../../../../arm-none-eabi/lib/thumb/v7e-m/fpv4-sp/hard\libc_nano.a(lib_a-init.o)
                              d:/programs/stm32_cube/stm32cubeide_1.3.0/stm32cubeide/plugins/com.st.stm32cube.ide.mcu.externaltools.gnu-tools-for-stm32.7-2018-q2-update.win32_1.0.0.201904181610/tools/bin/../lib/gcc/arm-none-eabi/7.3.1/../../../../arm-none-eabi/lib/thumb/v7e-m/fpv4-sp/hard/crt0.o (__libc_init_array)
d:/programs/stm32_cube/stm32cubeide_1.3.0/stm32cubeide/plugins/com.st.stm32cube.ide.mcu.externaltools.gnu-tools-for-stm32.7-2018-q2-update.win32_1.0.0.201904181610/tools/bin/../lib/gcc/arm-none-eabi/7.3.1/../../../../arm-none-eabi/lib/thumb/v7e-m/fpv4-sp/hard\libc_nano.a(lib_a-memset.o)
                              d:/programs/stm32_cube/stm32cubeide_1.3.0/stm32cubeide/plugins/com.st.stm32cube.ide.mcu.externaltools.gnu-tools-for-stm32.7-2018-q2-update.win32_1.0.0.201904181610/tools/bin/../lib/gcc/arm-none-eabi/7.3.1/../../../../arm-none-eabi/lib/thumb/v7e-m/fpv4-sp/hard/crt0.o (memset)

Allocating common symbols
Common symbol       size              file

message_out         0x14              Core/Src/main.o
uwTick              0x4               Drivers/STM32F3xx_HAL_Driver/Src/stm32f3xx_hal.o
pFlash              0x20              Drivers/STM32F3xx_HAL_Driver/Src/stm32f3xx_hal_flash.o
message             0x1               Core/Src/main.o
message_out_len     0x2               Core/Src/main.o
huart2              0x80              Core/Src/usart.o

Discarded input sections

 .text          0x0000000000000000        0x0 d:/programs/stm32_cube/stm32cubeide_1.3.0/stm32cubeide/plugins/com.st.stm32cube.ide.mcu.externaltools.gnu-tools-for-stm32.7-2018-q2-update.win32_1.0.0.201904181610/tools/bin/../lib/gcc/arm-none-eabi/7.3.1/thumb/v7e-m/fpv4-sp/hard/crti.o
 .data          0x0000000000000000        0x0 d:/programs/stm32_cube/stm32cubeide_1.3.0/stm32cubeide/plugins/com.st.stm32cube.ide.mcu.externaltools.gnu-tools-for-stm32.7-2018-q2-update.win32_1.0.0.201904181610/tools/bin/../lib/gcc/arm-none-eabi/7.3.1/thumb/v7e-m/fpv4-sp/hard/crti.o
 .bss           0x0000000000000000        0x0 d:/programs/stm32_cube/stm32cubeide_1.3.0/stm32cubeide/plugins/com.st.stm32cube.ide.mcu.externaltools.gnu-tools-for-stm32.7-2018-q2-update.win32_1.0.0.201904181610/tools/bin/../lib/gcc/arm-none-eabi/7.3.1/thumb/v7e-m/fpv4-sp/hard/crti.o
 .data          0x0000000000000000        0x4 d:/programs/stm32_cube/stm32cubeide_1.3.0/stm32cubeide/plugins/com.st.stm32cube.ide.mcu.externaltools.gnu-tools-for-stm32.7-2018-q2-update.win32_1.0.0.201904181610/tools/bin/../lib/gcc/arm-none-eabi/7.3.1/thumb/v7e-m/fpv4-sp/hard/crtbegin.o
 .text          0x0000000000000000       0x74 d:/programs/stm32_cube/stm32cubeide_1.3.0/stm32cubeide/plugins/com.st.stm32cube.ide.mcu.externaltools.gnu-tools-for-stm32.7-2018-q2-update.win32_1.0.0.201904181610/tools/bin/../lib/gcc/arm-none-eabi/7.3.1/../../../../arm-none-eabi/lib/thumb/v7e-m/fpv4-sp/hard/crt0.o
[...]
Memory Configuration

Name             Origin             Length             Attributes
CCMRAM           0x0000000010000000 0x0000000000004000 xrw
RAM              0x0000000020000000 0x0000000000010000 xrw
FLASH            0x0000000008000000 0x0000000000080000 xr
*default*        0x0000000000000000 0xffffffffffffffff

Linker script and memory map

LOAD d:/programs/stm32_cube/stm32cubeide_1.3.0/stm32cubeide/plugins/com.st.stm32cube.ide.mcu.externaltools.gnu-tools-for-stm32.7-2018-q2-update.win32_1.0.0.201904181610/tools/bin/../lib/gcc/arm-none-eabi/7.3.1/thumb/v7e-m/fpv4-sp/hard/crti.o
LOAD d:/programs/stm32_cube/stm32cubeide_1.3.0/stm32cubeide/plugins/com.st.stm32cube.ide.mcu.externaltools.gnu-tools-for-stm32.7-2018-q2-update.win32_1.0.0.201904181610/tools/bin/../lib/gcc/arm-none-eabi/7.3.1/thumb/v7e-m/fpv4-sp/hard/crtbegin.o
LOAD d:/programs/stm32_cube/stm32cubeide_1.3.0/stm32cubeide/plugins/com.st.stm32cube.ide.mcu.externaltools.gnu-tools-for-stm32.7-2018-q2-update.win32_1.0.0.201904181610/tools/bin/../lib/gcc/arm-none-eabi/7.3.1/../../../../arm-none-eabi/lib/thumb/v7e-m/fpv4-sp/hard/crt0.o
LOAD Core/Src/gpio.o
LOAD Core/Src/main.o
LOAD Core/Src/stm32f3xx_hal_msp.o
LOAD Core/Src/stm32f3xx_it.o
LOAD Core/Src/syscalls.o
LOAD Core/Src/sysmem.o
LOAD Core/Src/system_stm32f3xx.o
LOAD Core/Src/usart.o
LOAD Core/Startup/startup_stm32f303retx.o
LOAD Drivers/STM32F3xx_HAL_Driver/Src/stm32f3xx_hal.o
LOAD Drivers/STM32F3xx_HAL_Driver/Src/stm32f3xx_hal_cortex.o
LOAD Drivers/STM32F3xx_HAL_Driver/Src/stm32f3xx_hal_dma.o
LOAD Drivers/STM32F3xx_HAL_Driver/Src/stm32f3xx_hal_exti.o
LOAD Drivers/STM32F3xx_HAL_Driver/Src/stm32f3xx_hal_flash.o
LOAD Drivers/STM32F3xx_HAL_Driver/Src/stm32f3xx_hal_flash_ex.o
LOAD Drivers/STM32F3xx_HAL_Driver/Src/stm32f3xx_hal_gpio.o
LOAD Drivers/STM32F3xx_HAL_Driver/Src/stm32f3xx_hal_i2c.o
LOAD Drivers/STM32F3xx_HAL_Driver/Src/stm32f3xx_hal_i2c_ex.o
LOAD Drivers/STM32F3xx_HAL_Driver/Src/stm32f3xx_hal_pwr.o
LOAD Drivers/STM32F3xx_HAL_Driver/Src/stm32f3xx_hal_pwr_ex.o
LOAD Drivers/STM32F3xx_HAL_Driver/Src/stm32f3xx_hal_rcc.o
LOAD Drivers/STM32F3xx_HAL_Driver/Src/stm32f3xx_hal_rcc_ex.o
LOAD Drivers/STM32F3xx_HAL_Driver/Src/stm32f3xx_hal_tim.o
LOAD Drivers/STM32F3xx_HAL_Driver/Src/stm32f3xx_hal_tim_ex.o
LOAD Drivers/STM32F3xx_HAL_Driver/Src/stm32f3xx_hal_uart.o
LOAD Drivers/STM32F3xx_HAL_Driver/Src/stm32f3xx_hal_uart_ex.o
START GROUP
LOAD d:/programs/stm32_cube/stm32cubeide_1.3.0/stm32cubeide/plugins/com.st.stm32cube.ide.mcu.externaltools.gnu-tools-for-stm32.7-2018-q2-update.win32_1.0.0.201904181610/tools/bin/../lib/gcc/arm-none-eabi/7.3.1/../../../../arm-none-eabi/lib/thumb/v7e-m/fpv4-sp/hard\libc_nano.a
LOAD d:/programs/stm32_cube/stm32cubeide_1.3.0/stm32cubeide/plugins/com.st.stm32cube.ide.mcu.externaltools.gnu-tools-for-stm32.7-2018-q2-update.win32_1.0.0.201904181610/tools/bin/../lib/gcc/arm-none-eabi/7.3.1/../../../../arm-none-eabi/lib/thumb/v7e-m/fpv4-sp/hard\libm.a
END GROUP
START GROUP
LOAD d:/programs/stm32_cube/stm32cubeide_1.3.0/stm32cubeide/plugins/com.st.stm32cube.ide.mcu.externaltools.gnu-tools-for-stm32.7-2018-q2-update.win32_1.0.0.201904181610/tools/bin/../lib/gcc/arm-none-eabi/7.3.1/thumb/v7e-m/fpv4-sp/hard\libgcc.a
LOAD d:/programs/stm32_cube/stm32cubeide_1.3.0/stm32cubeide/plugins/com.st.stm32cube.ide.mcu.externaltools.gnu-tools-for-stm32.7-2018-q2-update.win32_1.0.0.201904181610/tools/bin/../lib/gcc/arm-none-eabi/7.3.1/../../../../arm-none-eabi/lib/thumb/v7e-m/fpv4-sp/hard\libc_nano.a
END GROUP
START GROUP
LOAD d:/programs/stm32_cube/stm32cubeide_1.3.0/stm32cubeide/plugins/com.st.stm32cube.ide.mcu.externaltools.gnu-tools-for-stm32.7-2018-q2-update.win32_1.0.0.201904181610/tools/bin/../lib/gcc/arm-none-eabi/7.3.1/thumb/v7e-m/fpv4-sp/hard\libgcc.a
LOAD d:/programs/stm32_cube/stm32cubeide_1.3.0/stm32cubeide/plugins/com.st.stm32cube.ide.mcu.externaltools.gnu-tools-for-stm32.7-2018-q2-update.win32_1.0.0.201904181610/tools/bin/../lib/gcc/arm-none-eabi/7.3.1/../../../../arm-none-eabi/lib/thumb/v7e-m/fpv4-sp/hard\libc_nano.a
LOAD d:/programs/stm32_cube/stm32cubeide_1.3.0/stm32cubeide/plugins/com.st.stm32cube.ide.mcu.externaltools.gnu-tools-for-stm32.7-2018-q2-update.win32_1.0.0.201904181610/tools/bin/../lib/gcc/arm-none-eabi/7.3.1/../../../../arm-none-eabi/lib/thumb/v7e-m/fpv4-sp/hard\libnosys.a
END GROUP
START GROUP
LOAD d:/programs/stm32_cube/stm32cubeide_1.3.0/stm32cubeide/plugins/com.st.stm32cube.ide.mcu.externaltools.gnu-tools-for-stm32.7-2018-q2-update.win32_1.0.0.201904181610/tools/bin/../lib/gcc/arm-none-eabi/7.3.1/thumb/v7e-m/fpv4-sp/hard\libgcc.a
LOAD d:/programs/stm32_cube/stm32cubeide_1.3.0/stm32cubeide/plugins/com.st.stm32cube.ide.mcu.externaltools.gnu-tools-for-stm32.7-2018-q2-update.win32_1.0.0.201904181610/tools/bin/../lib/gcc/arm-none-eabi/7.3.1/../../../../arm-none-eabi/lib/thumb/v7e-m/fpv4-sp/hard\libc_nano.a
LOAD d:/programs/stm32_cube/stm32cubeide_1.3.0/stm32cubeide/plugins/com.st.stm32cube.ide.mcu.externaltools.gnu-tools-for-stm32.7-2018-q2-update.win32_1.0.0.201904181610/tools/bin/../lib/gcc/arm-none-eabi/7.3.1/../../../../arm-none-eabi/lib/thumb/v7e-m/fpv4-sp/hard\libnosys.a
END GROUP
LOAD d:/programs/stm32_cube/stm32cubeide_1.3.0/stm32cubeide/plugins/com.st.stm32cube.ide.mcu.externaltools.gnu-tools-for-stm32.7-2018-q2-update.win32_1.0.0.201904181610/tools/bin/../lib/gcc/arm-none-eabi/7.3.1/thumb/v7e-m/fpv4-sp/hard/crtend.o
LOAD d:/programs/stm32_cube/stm32cubeide_1.3.0/stm32cubeide/plugins/com.st.stm32cube.ide.mcu.externaltools.gnu-tools-for-stm32.7-2018-q2-update.win32_1.0.0.201904181610/tools/bin/../lib/gcc/arm-none-eabi/7.3.1/thumb/v7e-m/fpv4-sp/hard/crtn.o
                0x0000000020010000                _estack = (ORIGIN (RAM) + LENGTH (RAM))
                0x0000000000000200                _Min_Heap_Size = 0x200
                0x0000000000000400                _Min_Stack_Size = 0x400

.isr_vector     0x0000000008000000      0x194
                0x0000000008000000                . = ALIGN (0x4)
 *(.isr_vector)
 .isr_vector    0x0000000008000000      0x194 Core/Startup/startup_stm32f303retx.o
                0x0000000008000000                g_pfnVectors
                0x0000000008000194                . = ALIGN (0x4)

.text           0x0000000008000194     0x32a8
                0x0000000008000194                . = ALIGN (0x4)
 *(.text)
 .text          0x0000000008000194       0x40 d:/programs/stm32_cube/stm32cubeide_1.3.0/stm32cubeide/plugins/com.st.stm32cube.ide.mcu.externaltools.gnu-tools-for-stm32.7-2018-q2-update.win32_1.0.0.201904181610/tools/bin/../lib/gcc/arm-none-eabi/7.3.1/thumb/v7e-m/fpv4-sp/hard/crtbegin.o
 *(.text*)
 .text.MX_GPIO_Init
                0x00000000080001d4      0x128 Core/Src/gpio.o
                0x00000000080001d4                MX_GPIO_Init
 .text.main     0x00000000080002fc       0x38 Core/Src/main.o
                0x00000000080002fc                main
 .text.SystemClock_Config
                0x0000000008000334       0xbc Core/Src/main.o
                0x0000000008000334                SystemClock_Config
 .text.Error_Handler
                0x00000000080003f0        0xe Core/Src/main.o
                0x00000000080003f0                Error_Handler
 *fill*         0x00000000080003fe        0x2 
 .text.HAL_MspInit
                0x0000000008000400       0x48 Core/Src/stm32f3xx_hal_msp.o
                0x0000000008000400                HAL_MspInit
 .text.NMI_Handler
                0x0000000008000448        0xe Core/Src/stm32f3xx_it.o
                0x0000000008000448                NMI_Handler
 .text.HardFault_Handler
                0x0000000008000456        0x6 Core/Src/stm32f3xx_it.o
                0x0000000008000456                HardFault_Handler
 .text.MemManage_Handler
                0x000000000800045c        0x6 Core/Src/stm32f3xx_it.o
                0x000000000800045c                MemManage_Handler
 .text.BusFault_Handler
                0x0000000008000462        0x6 Core/Src/stm32f3xx_it.o
                0x0000000008000462                BusFault_Handler
 .text.UsageFault_Handler
                0x0000000008000468        0x6 Core/Src/stm32f3xx_it.o
                0x0000000008000468                UsageFault_Handler
 .text.SVC_Handler
                0x000000000800046e        0xe Core/Src/stm32f3xx_it.o
                0x000000000800046e                SVC_Handler
 .text.DebugMon_Handler
                0x000000000800047c        0xe Core/Src/stm32f3xx_it.o
                0x000000000800047c                DebugMon_Handler
 .text.PendSV_Handler
                0x000000000800048a        0xe Core/Src/stm32f3xx_it.o
                0x000000000800048a                PendSV_Handler
 .text.SysTick_Handler
                0x0000000008000498        0xc Core/Src/stm32f3xx_it.o
                0x0000000008000498                SysTick_Handler
 .text.USART2_IRQHandler
                0x00000000080004a4       0x14 Core/Src/stm32f3xx_it.o
                0x00000000080004a4                USART2_IRQHandler
 .text.SystemInit
                0x00000000080004b8       0x2c Core/Src/system_stm32f3xx.o
                0x00000000080004b8                SystemInit
 .text.MX_USART2_UART_Init
                0x00000000080004e4       0x60 Core/Src/usart.o
                0x00000000080004e4                MX_USART2_UART_Init
 .text.HAL_UART_MspInit
                0x0000000008000544       0x94 Core/Src/usart.o
                0x0000000008000544                HAL_UART_MspInit
 .text.HAL_UART_RxCpltCallback
                0x00000000080005d8       0x70 Core/Src/usart.o
                0x00000000080005d8                HAL_UART_RxCpltCallback
 .text.Reset_Handler
                0x0000000008000648       0x50 Core/Startup/startup_stm32f303retx.o
                0x0000000008000648                Reset_Handler
 .text.Default_Handler
                0x0000000008000698        0x2 Core/Startup/startup_stm32f303retx.o
                0x0000000008000698                RTC_Alarm_IRQHandler
                0x0000000008000698                TIM8_TRG_COM_IRQHandler
                0x0000000008000698                TIM8_CC_IRQHandler
                0x0000000008000698                SPI4_IRQHandler
                0x0000000008000698                TIM1_CC_IRQHandler
                0x0000000008000698                USB_HP_IRQHandler
                0x0000000008000698                PVD_IRQHandler
                0x0000000008000698                TAMP_STAMP_IRQHandler
                0x0000000008000698                EXTI3_IRQHandler
                0x0000000008000698                I2C3_ER_IRQHandler
                0x0000000008000698                USB_HP_CAN_TX_IRQHandler
                0x0000000008000698                EXTI0_IRQHandler
                0x0000000008000698                I2C2_EV_IRQHandler
                0x0000000008000698                FPU_IRQHandler
                0x0000000008000698                TIM1_UP_TIM16_IRQHandler
                0x0000000008000698                ADC1_2_IRQHandler
                0x0000000008000698                SPI1_IRQHandler
                0x0000000008000698                CAN_SCE_IRQHandler
                0x0000000008000698                TIM6_DAC_IRQHandler
                0x0000000008000698                TIM8_UP_IRQHandler
                0x0000000008000698                DMA2_Channel2_IRQHandler
                0x0000000008000698                DMA1_Channel4_IRQHandler
                0x0000000008000698                TIM20_TRG_COM_IRQHandler
                0x0000000008000698                USART3_IRQHandler
                0x0000000008000698                DMA1_Channel7_IRQHandler
                0x0000000008000698                UART5_IRQHandler
                0x0000000008000698                ADC3_IRQHandler
                0x0000000008000698                TIM4_IRQHandler
                0x0000000008000698                CAN_RX1_IRQHandler
                0x0000000008000698                DMA2_Channel1_IRQHandler
                0x0000000008000698                I2C1_EV_IRQHandler
                0x0000000008000698                DMA1_Channel6_IRQHandler
                0x0000000008000698                UART4_IRQHandler
                0x0000000008000698                DMA2_Channel4_IRQHandler
                0x0000000008000698                TIM3_IRQHandler
                0x0000000008000698                RCC_IRQHandler
                0x0000000008000698                TIM20_UP_IRQHandler
                0x0000000008000698                DMA1_Channel1_IRQHandler
                0x0000000008000698                Default_Handler
                0x0000000008000698                USBWakeUp_RMP_IRQHandler
                0x0000000008000698                EXTI15_10_IRQHandler
                0x0000000008000698                TIM7_IRQHandler
                0x0000000008000698                I2C3_EV_IRQHandler
                0x0000000008000698                EXTI9_5_IRQHandler
                0x0000000008000698                RTC_WKUP_IRQHandler
                0x0000000008000698                SPI2_IRQHandler
                0x0000000008000698                USB_LP_CAN_RX0_IRQHandler
                0x0000000008000698                DMA2_Channel5_IRQHandler
                0x0000000008000698                DMA1_Channel5_IRQHandler
                0x0000000008000698                USB_LP_IRQHandler
                0x0000000008000698                EXTI4_IRQHandler
                0x0000000008000698                TIM1_TRG_COM_TIM17_IRQHandler
                0x0000000008000698                DMA1_Channel3_IRQHandler
                0x0000000008000698                ADC4_IRQHandler
                0x0000000008000698                WWDG_IRQHandler
                0x0000000008000698                TIM2_IRQHandler
                0x0000000008000698                COMP7_IRQHandler
                0x0000000008000698                COMP1_2_3_IRQHandler
                0x0000000008000698                EXTI1_IRQHandler
                0x0000000008000698                COMP4_5_6_IRQHandler
                0x0000000008000698                TIM20_BRK_IRQHandler
                0x0000000008000698                I2C2_ER_IRQHandler
                0x0000000008000698                DMA1_Channel2_IRQHandler
                0x0000000008000698                TIM8_BRK_IRQHandler
                0x0000000008000698                FLASH_IRQHandler
                0x0000000008000698                TIM20_CC_IRQHandler
                0x0000000008000698                USART1_IRQHandler
                0x0000000008000698                SPI3_IRQHandler
                0x0000000008000698                I2C1_ER_IRQHandler
                0x0000000008000698                FMC_IRQHandler
                0x0000000008000698                USBWakeUp_IRQHandler
                0x0000000008000698                DMA2_Channel3_IRQHandler
                0x0000000008000698                EXTI2_TSC_IRQHandler
                0x0000000008000698                TIM1_BRK_TIM15_IRQHandler
 *fill*         0x000000000800069a        0x2 
 .text.HAL_Init
                0x000000000800069c       0x2c Drivers/STM32F3xx_HAL_Driver/Src/stm32f3xx_hal.o
                0x000000000800069c                HAL_Init
 .text.HAL_InitTick
                0x00000000080006c8       0x60 Drivers/STM32F3xx_HAL_Driver/Src/stm32f3xx_hal.o
                0x00000000080006c8                HAL_InitTick
 .text.HAL_IncTick
                0x0000000008000728       0x28 Drivers/STM32F3xx_HAL_Driver/Src/stm32f3xx_hal.o
                0x0000000008000728                HAL_IncTick
 .text.HAL_GetTick
                0x0000000008000750       0x18 Drivers/STM32F3xx_HAL_Driver/Src/stm32f3xx_hal.o
                0x0000000008000750                HAL_GetTick
 .text.HAL_Delay
                0x0000000008000768       0x44 Drivers/STM32F3xx_HAL_Driver/Src/stm32f3xx_hal.o
                0x0000000008000768                HAL_Delay
 .text.__NVIC_SetPriorityGrouping
                0x00000000080007ac       0x48 Drivers/STM32F3xx_HAL_Driver/Src/stm32f3xx_hal_cortex.o
 .text.__NVIC_GetPriorityGrouping
                0x00000000080007f4       0x1c Drivers/STM32F3xx_HAL_Driver/Src/stm32f3xx_hal_cortex.o
 .text.__NVIC_EnableIRQ
                0x0000000008000810       0x3c Drivers/STM32F3xx_HAL_Driver/Src/stm32f3xx_hal_cortex.o
 .text.__NVIC_SetPriority
                0x000000000800084c       0x54 Drivers/STM32F3xx_HAL_Driver/Src/stm32f3xx_hal_cortex.o
 .text.NVIC_EncodePriority
                0x00000000080008a0       0x66 Drivers/STM32F3xx_HAL_Driver/Src/stm32f3xx_hal_cortex.o
 *fill*         0x0000000008000906        0x2 
 .text.SysTick_Config
                0x0000000008000908       0x44 Drivers/STM32F3xx_HAL_Driver/Src/stm32f3xx_hal_cortex.o
 .text.HAL_NVIC_SetPriorityGrouping
                0x000000000800094c       0x16 Drivers/STM32F3xx_HAL_Driver/Src/stm32f3xx_hal_cortex.o
                0x000000000800094c                HAL_NVIC_SetPriorityGrouping
 .text.HAL_NVIC_SetPriority
                0x0000000008000962       0x38 Drivers/STM32F3xx_HAL_Driver/Src/stm32f3xx_hal_cortex.o
                0x0000000008000962                HAL_NVIC_SetPriority
 .text.HAL_NVIC_EnableIRQ
                0x000000000800099a       0x1c Drivers/STM32F3xx_HAL_Driver/Src/stm32f3xx_hal_cortex.o
                0x000000000800099a                HAL_NVIC_EnableIRQ
 .text.HAL_SYSTICK_Config
                0x00000000080009b6       0x18 Drivers/STM32F3xx_HAL_Driver/Src/stm32f3xx_hal_cortex.o
                0x00000000080009b6                HAL_SYSTICK_Config
 .text.HAL_DMA_Abort_IT
                0x00000000080009ce       0x7c Drivers/STM32F3xx_HAL_Driver/Src/stm32f3xx_hal_dma.o
                0x00000000080009ce                HAL_DMA_Abort_IT
 *fill*         0x0000000008000a4a        0x2 
 .text.HAL_GPIO_Init
                0x0000000008000a4c      0x314 Drivers/STM32F3xx_HAL_Driver/Src/stm32f3xx_hal_gpio.o
                0x0000000008000a4c                HAL_GPIO_Init
 .text.HAL_GPIO_WritePin
                0x0000000008000d60       0x30 Drivers/STM32F3xx_HAL_Driver/Src/stm32f3xx_hal_gpio.o
                0x0000000008000d60                HAL_GPIO_WritePin
 .text.HAL_GPIO_TogglePin
                0x0000000008000d90       0x34 Drivers/STM32F3xx_HAL_Driver/Src/stm32f3xx_hal_gpio.o
                0x0000000008000d90                HAL_GPIO_TogglePin
 .text.HAL_RCC_OscConfig
                0x0000000008000dc4      0xe2c Drivers/STM32F3xx_HAL_Driver/Src/stm32f3xx_hal_rcc.o
                0x0000000008000dc4                HAL_RCC_OscConfig
 .text.HAL_RCC_ClockConfig
                0x0000000008001bf0      0x2f8 Drivers/STM32F3xx_HAL_Driver/Src/stm32f3xx_hal_rcc.o
                0x0000000008001bf0                HAL_RCC_ClockConfig
 .text.HAL_RCC_GetSysClockFreq
                0x0000000008001ee8       0xd4 Drivers/STM32F3xx_HAL_Driver/Src/stm32f3xx_hal_rcc.o
                0x0000000008001ee8                HAL_RCC_GetSysClockFreq
 .text.HAL_RCC_GetHCLKFreq
                0x0000000008001fbc       0x18 Drivers/STM32F3xx_HAL_Driver/Src/stm32f3xx_hal_rcc.o
                0x0000000008001fbc                HAL_RCC_GetHCLKFreq
 .text.HAL_RCC_GetPCLK1Freq
                0x0000000008001fd4       0x44 Drivers/STM32F3xx_HAL_Driver/Src/stm32f3xx_hal_rcc.o
                0x0000000008001fd4                HAL_RCC_GetPCLK1Freq
 .text.HAL_RCC_GetPCLK2Freq
                0x0000000008002018       0x44 Drivers/STM32F3xx_HAL_Driver/Src/stm32f3xx_hal_rcc.o
                0x0000000008002018                HAL_RCC_GetPCLK2Freq
 .text.HAL_RCCEx_PeriphCLKConfig
                0x000000000800205c      0x43c Drivers/STM32F3xx_HAL_Driver/Src/stm32f3xx_hal_rcc_ex.o
                0x000000000800205c                HAL_RCCEx_PeriphCLKConfig
 .text.HAL_UART_Init
                0x0000000008002498       0x9c Drivers/STM32F3xx_HAL_Driver/Src/stm32f3xx_hal_uart.o
                0x0000000008002498                HAL_UART_Init
 .text.HAL_UART_Transmit_IT
                0x0000000008002534       0xb8 Drivers/STM32F3xx_HAL_Driver/Src/stm32f3xx_hal_uart.o
                0x0000000008002534                HAL_UART_Transmit_IT
 .text.HAL_UART_Receive_IT
                0x00000000080025ec      0x144 Drivers/STM32F3xx_HAL_Driver/Src/stm32f3xx_hal_uart.o
                0x00000000080025ec                HAL_UART_Receive_IT
 .text.HAL_UART_IRQHandler
                0x0000000008002730      0x28c Drivers/STM32F3xx_HAL_Driver/Src/stm32f3xx_hal_uart.o
                0x0000000008002730                HAL_UART_IRQHandler
 .text.HAL_UART_TxCpltCallback
                0x00000000080029bc       0x14 Drivers/STM32F3xx_HAL_Driver/Src/stm32f3xx_hal_uart.o
                0x00000000080029bc                HAL_UART_TxCpltCallback
 .text.HAL_UART_ErrorCallback
                0x00000000080029d0       0x14 Drivers/STM32F3xx_HAL_Driver/Src/stm32f3xx_hal_uart.o
                0x00000000080029d0                HAL_UART_ErrorCallback
 .text.UART_SetConfig
                0x00000000080029e4      0x434 Drivers/STM32F3xx_HAL_Driver/Src/stm32f3xx_hal_uart.o
                0x00000000080029e4                UART_SetConfig
 .text.UART_AdvFeatureConfig
                0x0000000008002e18      0x144 Drivers/STM32F3xx_HAL_Driver/Src/stm32f3xx_hal_uart.o
                0x0000000008002e18                UART_AdvFeatureConfig
 .text.UART_CheckIdleState
                0x0000000008002f5c       0x8a Drivers/STM32F3xx_HAL_Driver/Src/stm32f3xx_hal_uart.o
                0x0000000008002f5c                UART_CheckIdleState
 .text.UART_WaitOnFlagUntilTimeout
                0x0000000008002fe6       0xf6 Drivers/STM32F3xx_HAL_Driver/Src/stm32f3xx_hal_uart.o
                0x0000000008002fe6                UART_WaitOnFlagUntilTimeout
 .text.UART_EndRxTransfer
                0x00000000080030dc       0x40 Drivers/STM32F3xx_HAL_Driver/Src/stm32f3xx_hal_uart.o
 .text.UART_DMAAbortOnError
                0x000000000800311c       0x2c Drivers/STM32F3xx_HAL_Driver/Src/stm32f3xx_hal_uart.o
 .text.UART_TxISR_8BIT
                0x0000000008003148       0x74 Drivers/STM32F3xx_HAL_Driver/Src/stm32f3xx_hal_uart.o
 .text.UART_TxISR_16BIT
                0x00000000080031bc       0x7c Drivers/STM32F3xx_HAL_Driver/Src/stm32f3xx_hal_uart.o
 .text.UART_EndTransmit_IT
                0x0000000008003238       0x32 Drivers/STM32F3xx_HAL_Driver/Src/stm32f3xx_hal_uart.o
 .text.UART_RxISR_8BIT
                0x000000000800326a       0xa6 Drivers/STM32F3xx_HAL_Driver/Src/stm32f3xx_hal_uart.o
 .text.UART_RxISR_16BIT
                0x0000000008003310       0xa6 Drivers/STM32F3xx_HAL_Driver/Src/stm32f3xx_hal_uart.o
 .text.HAL_UARTEx_WakeupCallback
                0x00000000080033b6       0x14 Drivers/STM32F3xx_HAL_Driver/Src/stm32f3xx_hal_uart_ex.o
                0x00000000080033b6                HAL_UARTEx_WakeupCallback
 *fill*         0x00000000080033ca        0x2 
 .text.__libc_init_array
                0x00000000080033cc       0x48 d:/programs/stm32_cube/stm32cubeide_1.3.0/stm32cubeide/plugins/com.st.stm32cube.ide.mcu.externaltools.gnu-tools-for-stm32.7-2018-q2-update.win32_1.0.0.201904181610/tools/bin/../lib/gcc/arm-none-eabi/7.3.1/../../../../arm-none-eabi/lib/thumb/v7e-m/fpv4-sp/hard\libc_nano.a(lib_a-init.o)
                0x00000000080033cc                __libc_init_array
 .text.memset   0x0000000008003414       0x10 d:/programs/stm32_cube/stm32cubeide_1.3.0/stm32cubeide/plugins/com.st.stm32cube.ide.mcu.externaltools.gnu-tools-for-stm32.7-2018-q2-update.win32_1.0.0.201904181610/tools/bin/../lib/gcc/arm-none-eabi/7.3.1/../../../../arm-none-eabi/lib/thumb/v7e-m/fpv4-sp/hard\libc_nano.a(lib_a-memset.o)
                0x0000000008003414                memset
 *(.glue_7)
 .glue_7        0x0000000008003424        0x0 linker stubs
 *(.glue_7t)
 .glue_7t       0x0000000008003424        0x0 linker stubs
 *(.eh_frame)
 .eh_frame      0x0000000008003424        0x0 d:/programs/stm32_cube/stm32cubeide_1.3.0/stm32cubeide/plugins/com.st.stm32cube.ide.mcu.externaltools.gnu-tools-for-stm32.7-2018-q2-update.win32_1.0.0.201904181610/tools/bin/../lib/gcc/arm-none-eabi/7.3.1/thumb/v7e-m/fpv4-sp/hard/crtbegin.o
 *(.init)
 .init          0x0000000008003424        0x4 d:/programs/stm32_cube/stm32cubeide_1.3.0/stm32cubeide/plugins/com.st.stm32cube.ide.mcu.externaltools.gnu-tools-for-stm32.7-2018-q2-update.win32_1.0.0.201904181610/tools/bin/../lib/gcc/arm-none-eabi/7.3.1/thumb/v7e-m/fpv4-sp/hard/crti.o
                0x0000000008003424                _init
 .init          0x0000000008003428        0x8 d:/programs/stm32_cube/stm32cubeide_1.3.0/stm32cubeide/plugins/com.st.stm32cube.ide.mcu.externaltools.gnu-tools-for-stm32.7-2018-q2-update.win32_1.0.0.201904181610/tools/bin/../lib/gcc/arm-none-eabi/7.3.1/thumb/v7e-m/fpv4-sp/hard/crtn.o
 *(.fini)
 .fini          0x0000000008003430        0x4 d:/programs/stm32_cube/stm32cubeide_1.3.0/stm32cubeide/plugins/com.st.stm32cube.ide.mcu.externaltools.gnu-tools-for-stm32.7-2018-q2-update.win32_1.0.0.201904181610/tools/bin/../lib/gcc/arm-none-eabi/7.3.1/thumb/v7e-m/fpv4-sp/hard/crti.o
                0x0000000008003430                _fini
 .fini          0x0000000008003434        0x8 d:/programs/stm32_cube/stm32cubeide_1.3.0/stm32cubeide/plugins/com.st.stm32cube.ide.mcu.externaltools.gnu-tools-for-stm32.7-2018-q2-update.win32_1.0.0.201904181610/tools/bin/../lib/gcc/arm-none-eabi/7.3.1/thumb/v7e-m/fpv4-sp/hard/crtn.o
                0x000000000800343c                . = ALIGN (0x4)
                0x000000000800343c                _etext = .

.vfp11_veneer   0x000000000800343c        0x0
 .vfp11_veneer  0x000000000800343c        0x0 linker stubs

.v4_bx          0x000000000800343c        0x0
 .v4_bx         0x000000000800343c        0x0 linker stubs

.iplt           0x000000000800343c        0x0
 .iplt          0x000000000800343c        0x0 d:/programs/stm32_cube/stm32cubeide_1.3.0/stm32cubeide/plugins/com.st.stm32cube.ide.mcu.externaltools.gnu-tools-for-stm32.7-2018-q2-update.win32_1.0.0.201904181610/tools/bin/../lib/gcc/arm-none-eabi/7.3.1/thumb/v7e-m/fpv4-sp/hard/crtbegin.o

.rodata         0x000000000800343c       0x48
                0x000000000800343c                . = ALIGN (0x4)
 *(.rodata)
 .rodata        0x000000000800343c        0xf Core/Src/usart.o
 *(.rodata*)
 *fill*         0x000000000800344b        0x1 
 .rodata.AHBPrescTable
                0x000000000800344c       0x10 Core/Src/system_stm32f3xx.o
                0x000000000800344c                AHBPrescTable
 .rodata.APBPrescTable
                0x000000000800345c        0x8 Core/Src/system_stm32f3xx.o
                0x000000000800345c                APBPrescTable
 .rodata.aPLLMULFactorTable
                0x0000000008003464       0x10 Drivers/STM32F3xx_HAL_Driver/Src/stm32f3xx_hal_rcc.o
                0x0000000008003464                aPLLMULFactorTable
 .rodata.aPredivFactorTable
                0x0000000008003474       0x10 Drivers/STM32F3xx_HAL_Driver/Src/stm32f3xx_hal_rcc.o
                0x0000000008003474                aPredivFactorTable
                0x0000000008003484                . = ALIGN (0x4)

.rel.dyn        0x0000000008003484        0x0
 .rel.iplt      0x0000000008003484        0x0 d:/programs/stm32_cube/stm32cubeide_1.3.0/stm32cubeide/plugins/com.st.stm32cube.ide.mcu.externaltools.gnu-tools-for-stm32.7-2018-q2-update.win32_1.0.0.201904181610/tools/bin/../lib/gcc/arm-none-eabi/7.3.1/thumb/v7e-m/fpv4-sp/hard/crtbegin.o

.ARM.extab      0x0000000008003484        0x0
                0x0000000008003484                . = ALIGN (0x4)
 *(.ARM.extab* .gnu.linkonce.armextab.*)
                0x0000000008003484                . = ALIGN (0x4)

.ARM            0x0000000008003484        0x0
                0x0000000008003484                . = ALIGN (0x4)
                0x0000000008003484                __exidx_start = .
 *(.ARM.exidx*)
                0x0000000008003484                __exidx_end = .
                0x0000000008003484                . = ALIGN (0x4)

.preinit_array  0x0000000008003484        0x0
                0x0000000008003484                . = ALIGN (0x4)
                0x0000000008003484                PROVIDE (__preinit_array_start = .)
 *(.preinit_array*)
                0x0000000008003484                PROVIDE (__preinit_array_end = .)
                0x0000000008003484                . = ALIGN (0x4)

.init_array     0x0000000008003484        0x4
                0x0000000008003484                . = ALIGN (0x4)
                0x0000000008003484                PROVIDE (__init_array_start = .)
 *(SORT_BY_NAME(.init_array.*))
 *(.init_array*)
 .init_array    0x0000000008003484        0x4 d:/programs/stm32_cube/stm32cubeide_1.3.0/stm32cubeide/plugins/com.st.stm32cube.ide.mcu.externaltools.gnu-tools-for-stm32.7-2018-q2-update.win32_1.0.0.201904181610/tools/bin/../lib/gcc/arm-none-eabi/7.3.1/thumb/v7e-m/fpv4-sp/hard/crtbegin.o
                0x0000000008003488                PROVIDE (__init_array_end = .)
                0x0000000008003488                . = ALIGN (0x4)

.fini_array     0x0000000008003488        0x4
                0x0000000008003488                . = ALIGN (0x4)
                [!provide]                        PROVIDE (__fini_array_start = .)
 *(SORT_BY_NAME(.fini_array.*))
 *(.fini_array*)
 .fini_array    0x0000000008003488        0x4 d:/programs/stm32_cube/stm32cubeide_1.3.0/stm32cubeide/plugins/com.st.stm32cube.ide.mcu.externaltools.gnu-tools-for-stm32.7-2018-q2-update.win32_1.0.0.201904181610/tools/bin/../lib/gcc/arm-none-eabi/7.3.1/thumb/v7e-m/fpv4-sp/hard/crtbegin.o
                [!provide]                        PROVIDE (__fini_array_end = .)
                0x000000000800348c                . = ALIGN (0x4)
                0x000000000800348c                _sidata = LOADADDR (.data)

.data           0x0000000020000000        0xc load address 0x000000000800348c
                0x0000000020000000                . = ALIGN (0x4)
                0x0000000020000000                _sdata = .
 *(.data)
 *(.data*)
 .data.SystemCoreClock
                0x0000000020000000        0x4 Core/Src/system_stm32f3xx.o
                0x0000000020000000                SystemCoreClock
 .data.uwTickPrio
                0x0000000020000004        0x4 Drivers/STM32F3xx_HAL_Driver/Src/stm32f3xx_hal.o
                0x0000000020000004                uwTickPrio
 .data.uwTickFreq
                0x0000000020000008        0x1 Drivers/STM32F3xx_HAL_Driver/Src/stm32f3xx_hal.o
                0x0000000020000008                uwTickFreq
                0x000000002000000c                . = ALIGN (0x4)
 *fill*         0x0000000020000009        0x3 
                0x000000002000000c                _edata = .

.igot.plt       0x000000002000000c        0x0 load address 0x0000000008003498
 .igot.plt      0x000000002000000c        0x0 d:/programs/stm32_cube/stm32cubeide_1.3.0/stm32cubeide/plugins/com.st.stm32cube.ide.mcu.externaltools.gnu-tools-for-stm32.7-2018-q2-update.win32_1.0.0.201904181610/tools/bin/../lib/gcc/arm-none-eabi/7.3.1/thumb/v7e-m/fpv4-sp/hard/crtbegin.o
                0x000000002000000c                . = ALIGN (0x4)

.bss            0x000000002000000c       0xb8 load address 0x0000000008003498
                0x000000002000000c                _sbss = .
                0x000000002000000c                __bss_start__ = _sbss
 *(.bss)
 .bss           0x000000002000000c       0x1c d:/programs/stm32_cube/stm32cubeide_1.3.0/stm32cubeide/plugins/com.st.stm32cube.ide.mcu.externaltools.gnu-tools-for-stm32.7-2018-q2-update.win32_1.0.0.201904181610/tools/bin/../lib/gcc/arm-none-eabi/7.3.1/thumb/v7e-m/fpv4-sp/hard/crtbegin.o
 *(.bss*)
 *(COMMON)
 COMMON         0x0000000020000028       0x18 Core/Src/main.o
                0x0000000020000028                message_out
                0x000000002000003c                message
                0x000000002000003e                message_out_len
 COMMON         0x0000000020000040       0x80 Core/Src/usart.o
                0x0000000020000040                huart2
 COMMON         0x00000000200000c0        0x4 Drivers/STM32F3xx_HAL_Driver/Src/stm32f3xx_hal.o
                0x00000000200000c0                uwTick
                0x00000000200000c4                . = ALIGN (0x4)
                0x00000000200000c4                _ebss = .
                0x00000000200000c4                __bss_end__ = _ebss

._user_heap_stack
                0x00000000200000c4      0x604 load address 0x0000000008003498
                0x00000000200000c8                . = ALIGN (0x8)
 *fill*         0x00000000200000c4        0x4 
                0x00000000200000c8                PROVIDE (end = .)
                [!provide]                        PROVIDE (_end = .)
                0x00000000200002c8                . = (. + _Min_Heap_Size)
 *fill*         0x00000000200000c8      0x200 
                0x00000000200006c8                . = (. + _Min_Stack_Size)
 *fill*         0x00000000200002c8      0x400 
                0x00000000200006c8                . = ALIGN (0x8)

/DISCARD/
 libc.a(*)
 libm.a(*)
 libgcc.a(*)

.ARM.attributes
                0x0000000000000000       0x30
 *(.ARM.attributes)
 .ARM.attributes
                0x0000000000000000       0x22 d:/programs/stm32_cube/stm32cubeide_1.3.0/stm32cubeide/plugins/com.st.stm32cube.ide.mcu.externaltools.gnu-tools-for-stm32.7-2018-q2-update.win32_1.0.0.201904181610/tools/bin/../lib/gcc/arm-none-eabi/7.3.1/thumb/v7e-m/fpv4-sp/hard/crti.o
 .ARM.attributes
                0x0000000000000022       0x34 d:/programs/stm32_cube/stm32cubeide_1.3.0/stm32cubeide/plugins/com.st.stm32cube.ide.mcu.externaltools.gnu-tools-for-stm32.7-2018-q2-update.win32_1.0.0.201904181610/tools/bin/../lib/gcc/arm-none-eabi/7.3.1/thumb/v7e-m/fpv4-sp/hard/crtbegin.o
 .ARM.attributes
                0x0000000000000056       0x39 Core/Src/gpio.o
 .ARM.attributes
                0x000000000000008f       0x39 Core/Src/main.o
 .ARM.attributes
                0x00000000000000c8       0x39 Core/Src/stm32f3xx_hal_msp.o
 .ARM.attributes
                0x0000000000000101       0x39 Core/Src/stm32f3xx_it.o
 .ARM.attributes
                0x000000000000013a       0x39 Core/Src/system_stm32f3xx.o
 .ARM.attributes
                0x0000000000000173       0x39 Core/Src/usart.o
 .ARM.attributes
                0x00000000000001ac       0x21 Core/Startup/startup_stm32f303retx.o
 .ARM.attributes
                0x00000000000001cd       0x39 Drivers/STM32F3xx_HAL_Driver/Src/stm32f3xx_hal.o
 .ARM.attributes
                0x0000000000000206       0x39 Drivers/STM32F3xx_HAL_Driver/Src/stm32f3xx_hal_cortex.o
 .ARM.attributes
                0x000000000000023f       0x39 Drivers/STM32F3xx_HAL_Driver/Src/stm32f3xx_hal_dma.o
 .ARM.attributes
                0x0000000000000278       0x39 Drivers/STM32F3xx_HAL_Driver/Src/stm32f3xx_hal_gpio.o
 .ARM.attributes
                0x00000000000002b1       0x39 Drivers/STM32F3xx_HAL_Driver/Src/stm32f3xx_hal_rcc.o
 .ARM.attributes
                0x00000000000002ea       0x39 Drivers/STM32F3xx_HAL_Driver/Src/stm32f3xx_hal_rcc_ex.o
 .ARM.attributes
                0x0000000000000323       0x39 Drivers/STM32F3xx_HAL_Driver/Src/stm32f3xx_hal_uart.o
 .ARM.attributes
                0x000000000000035c       0x39 Drivers/STM32F3xx_HAL_Driver/Src/stm32f3xx_hal_uart_ex.o
 .ARM.attributes
                0x0000000000000395       0x34 d:/programs/stm32_cube/stm32cubeide_1.3.0/stm32cubeide/plugins/com.st.stm32cube.ide.mcu.externaltools.gnu-tools-for-stm32.7-2018-q2-update.win32_1.0.0.201904181610/tools/bin/../lib/gcc/arm-none-eabi/7.3.1/../../../../arm-none-eabi/lib/thumb/v7e-m/fpv4-sp/hard\libc_nano.a(lib_a-init.o)
 .ARM.attributes
                0x00000000000003c9       0x34 d:/programs/stm32_cube/stm32cubeide_1.3.0/stm32cubeide/plugins/com.st.stm32cube.ide.mcu.externaltools.gnu-tools-for-stm32.7-2018-q2-update.win32_1.0.0.201904181610/tools/bin/../lib/gcc/arm-none-eabi/7.3.1/../../../../arm-none-eabi/lib/thumb/v7e-m/fpv4-sp/hard\libc_nano.a(lib_a-memset.o)
 .ARM.attributes
                0x00000000000003fd       0x22 d:/programs/stm32_cube/stm32cubeide_1.3.0/stm32cubeide/plugins/com.st.stm32cube.ide.mcu.externaltools.gnu-tools-for-stm32.7-2018-q2-update.win32_1.0.0.201904181610/tools/bin/../lib/gcc/arm-none-eabi/7.3.1/thumb/v7e-m/fpv4-sp/hard/crtn.o
OUTPUT(Mecanum_wheel_robot.elf elf32-littlearm)

.debug_info     0x0000000000000000     0x92a1
 .debug_info    0x0000000000000000      0x3eb Core/Src/gpio.o
 .debug_info    0x00000000000003eb      0xa49 Core/Src/main.o
 .debug_info    0x0000000000000e34      0x278 Core/Src/stm32f3xx_hal_msp.o
 .debug_info    0x00000000000010ac      0x731 Core/Src/stm32f3xx_it.o
 .debug_info    0x00000000000017dd      0x45c Core/Src/system_stm32f3xx.o
 .debug_info    0x0000000000001c39     0x138d Core/Src/usart.o
 .debug_info    0x0000000000002fc6       0x22 Core/Startup/startup_stm32f303retx.o
 .debug_info    0x0000000000002fe8      0x812 Drivers/STM32F3xx_HAL_Driver/Src/stm32f3xx_hal.o
 .debug_info    0x00000000000037fa      0xdc9 Drivers/STM32F3xx_HAL_Driver/Src/stm32f3xx_hal_cortex.o
 .debug_info    0x00000000000045c3      0x7cb Drivers/STM32F3xx_HAL_Driver/Src/stm32f3xx_hal_dma.o
 .debug_info    0x0000000000004d8e      0x7b2 Drivers/STM32F3xx_HAL_Driver/Src/stm32f3xx_hal_gpio.o
 .debug_info    0x0000000000005540     0x181f Drivers/STM32F3xx_HAL_Driver/Src/stm32f3xx_hal_rcc.o
 .debug_info    0x0000000000006d5f      0x712 Drivers/STM32F3xx_HAL_Driver/Src/stm32f3xx_hal_rcc_ex.o
 .debug_info    0x0000000000007471     0x1592 Drivers/STM32F3xx_HAL_Driver/Src/stm32f3xx_hal_uart.o
 .debug_info    0x0000000000008a03      0x89e Drivers/STM32F3xx_HAL_Driver/Src/stm32f3xx_hal_uart_ex.o

.debug_abbrev   0x0000000000000000     0x1968
 .debug_abbrev  0x0000000000000000      0x134 Core/Src/gpio.o
 .debug_abbrev  0x0000000000000134      0x185 Core/Src/main.o
 .debug_abbrev  0x00000000000002b9      0x109 Core/Src/stm32f3xx_hal_msp.o
 .debug_abbrev  0x00000000000003c2      0x149 Core/Src/stm32f3xx_it.o
 .debug_abbrev  0x000000000000050b      0x12b Core/Src/system_stm32f3xx.o
 .debug_abbrev  0x0000000000000636      0x215 Core/Src/usart.o
 .debug_abbrev  0x000000000000084b       0x12 Core/Startup/startup_stm32f303retx.o
 .debug_abbrev  0x000000000000085d      0x1c7 Drivers/STM32F3xx_HAL_Driver/Src/stm32f3xx_hal.o
 .debug_abbrev  0x0000000000000a24      0x2fa Drivers/STM32F3xx_HAL_Driver/Src/stm32f3xx_hal_cortex.o
 .debug_abbrev  0x0000000000000d1e      0x1fe Drivers/STM32F3xx_HAL_Driver/Src/stm32f3xx_hal_dma.o
 .debug_abbrev  0x0000000000000f1c      0x1c0 Drivers/STM32F3xx_HAL_Driver/Src/stm32f3xx_hal_gpio.o
 .debug_abbrev  0x00000000000010dc      0x28c Drivers/STM32F3xx_HAL_Driver/Src/stm32f3xx_hal_rcc.o
 .debug_abbrev  0x0000000000001368      0x219 Drivers/STM32F3xx_HAL_Driver/Src/stm32f3xx_hal_rcc_ex.o
 .debug_abbrev  0x0000000000001581      0x205 Drivers/STM32F3xx_HAL_Driver/Src/stm32f3xx_hal_uart.o
 .debug_abbrev  0x0000000000001786      0x1e2 Drivers/STM32F3xx_HAL_Driver/Src/stm32f3xx_hal_uart_ex.o

.debug_aranges  0x0000000000000000      0x758
 .debug_aranges
                0x0000000000000000       0x20 Core/Src/gpio.o
 .debug_aranges
                0x0000000000000020       0x30 Core/Src/main.o
 .debug_aranges
                0x0000000000000050       0x20 Core/Src/stm32f3xx_hal_msp.o
 .debug_aranges
                0x0000000000000070       0x68 Core/Src/stm32f3xx_it.o
 .debug_aranges
                0x00000000000000d8       0x28 Core/Src/system_stm32f3xx.o
 .debug_aranges
                0x0000000000000100       0x38 Core/Src/usart.o
 .debug_aranges
                0x0000000000000138       0x28 Core/Startup/startup_stm32f303retx.o
 .debug_aranges
                0x0000000000000160       0xe0 Drivers/STM32F3xx_HAL_Driver/Src/stm32f3xx_hal.o
 .debug_aranges
                0x0000000000000240      0x118 Drivers/STM32F3xx_HAL_Driver/Src/stm32f3xx_hal_cortex.o
 .debug_aranges
                0x0000000000000358       0x88 Drivers/STM32F3xx_HAL_Driver/Src/stm32f3xx_hal_dma.o
 .debug_aranges
                0x00000000000003e0       0x58 Drivers/STM32F3xx_HAL_Driver/Src/stm32f3xx_hal_gpio.o
 .debug_aranges
                0x0000000000000438       0x88 Drivers/STM32F3xx_HAL_Driver/Src/stm32f3xx_hal_rcc.o
 .debug_aranges
                0x00000000000004c0       0x38 Drivers/STM32F3xx_HAL_Driver/Src/stm32f3xx_hal_rcc_ex.o
 .debug_aranges
                0x00000000000004f8      0x210 Drivers/STM32F3xx_HAL_Driver/Src/stm32f3xx_hal_uart.o
 .debug_aranges
                0x0000000000000708       0x50 Drivers/STM32F3xx_HAL_Driver/Src/stm32f3xx_hal_uart_ex.o

.debug_ranges   0x0000000000000000      0x670
 .debug_ranges  0x0000000000000000       0x10 Core/Src/gpio.o
 .debug_ranges  0x0000000000000010       0x20 Core/Src/main.o
 .debug_ranges  0x0000000000000030       0x10 Core/Src/stm32f3xx_hal_msp.o
 .debug_ranges  0x0000000000000040       0x58 Core/Src/stm32f3xx_it.o
 .debug_ranges  0x0000000000000098       0x18 Core/Src/system_stm32f3xx.o
 .debug_ranges  0x00000000000000b0       0x28 Core/Src/usart.o
 .debug_ranges  0x00000000000000d8       0x20 Core/Startup/startup_stm32f303retx.o
 .debug_ranges  0x00000000000000f8       0xd0 Drivers/STM32F3xx_HAL_Driver/Src/stm32f3xx_hal.o
 .debug_ranges  0x00000000000001c8      0x108 Drivers/STM32F3xx_HAL_Driver/Src/stm32f3xx_hal_cortex.o
 .debug_ranges  0x00000000000002d0       0x78 Drivers/STM32F3xx_HAL_Driver/Src/stm32f3xx_hal_dma.o
 .debug_ranges  0x0000000000000348       0x48 Drivers/STM32F3xx_HAL_Driver/Src/stm32f3xx_hal_gpio.o
 .debug_ranges  0x0000000000000390       0x78 Drivers/STM32F3xx_HAL_Driver/Src/stm32f3xx_hal_rcc.o
 .debug_ranges  0x0000000000000408       0x28 Drivers/STM32F3xx_HAL_Driver/Src/stm32f3xx_hal_rcc_ex.o
 .debug_ranges  0x0000000000000430      0x200 Drivers/STM32F3xx_HAL_Driver/Src/stm32f3xx_hal_uart.o
 .debug_ranges  0x0000000000000630       0x40 Drivers/STM32F3xx_HAL_Driver/Src/stm32f3xx_hal_uart_ex.o

.debug_macro    0x0000000000000000    0x1c284
 .debug_macro   0x0000000000000000      0x1d3 Core/Src/gpio.o
 .debug_macro   0x00000000000001d3      0xa5a Core/Src/gpio.o
 .debug_macro   0x0000000000000c2d      0x151 Core/Src/gpio.o
 .debug_macro   0x0000000000000d7e       0x2e Core/Src/gpio.o
 .debug_macro   0x0000000000000dac       0x28 Core/Src/gpio.o
 .debug_macro   0x0000000000000dd4       0x22 Core/Src/gpio.o
 .debug_macro   0x0000000000000df6       0x8e Core/Src/gpio.o
 .debug_macro   0x0000000000000e84       0x51 Core/Src/gpio.o
 .debug_macro   0x0000000000000ed5       0xef Core/Src/gpio.o
 .debug_macro   0x0000000000000fc4       0x6a Core/Src/gpio.o
 .debug_macro   0x000000000000102e      0x1df Core/Src/gpio.o
 .debug_macro   0x000000000000120d       0x1c Core/Src/gpio.o
 .debug_macro   0x0000000000001229       0x22 Core/Src/gpio.o
 .debug_macro   0x000000000000124b       0xdf Core/Src/gpio.o
 .debug_macro   0x000000000000132a     0x102d Core/Src/gpio.o
 .debug_macro   0x0000000000002357      0x11f Core/Src/gpio.o
 .debug_macro   0x0000000000002476    0x15353 Core/Src/gpio.o
 .debug_macro   0x00000000000177c9       0x43 Core/Src/gpio.o
 .debug_macro   0x000000000001780c      0x174 Core/Src/gpio.o
 .debug_macro   0x0000000000017980       0x53 Core/Src/gpio.o
 .debug_macro   0x00000000000179d3      0x954 Core/Src/gpio.o
 .debug_macro   0x0000000000018327      0x84a Core/Src/gpio.o
 .debug_macro   0x0000000000018b71      0x12f Core/Src/gpio.o
 .debug_macro   0x0000000000018ca0      0x23a Core/Src/gpio.o
 .debug_macro   0x0000000000018eda      0x1ea Core/Src/gpio.o
 .debug_macro   0x00000000000190c4      0x1bc Core/Src/gpio.o
 .debug_macro   0x0000000000019280       0x30 Core/Src/gpio.o
 .debug_macro   0x00000000000192b0       0x3c Core/Src/gpio.o
 .debug_macro   0x00000000000192ec      0x236 Core/Src/gpio.o
 .debug_macro   0x0000000000019522       0xc5 Core/Src/gpio.o
 .debug_macro   0x00000000000195e7      0x21d Core/Src/gpio.o
 .debug_macro   0x0000000000019804      0x22c Core/Src/gpio.o
 .debug_macro   0x0000000000019a30       0x58 Core/Src/gpio.o
 .debug_macro   0x0000000000019a88       0xa5 Core/Src/gpio.o
 .debug_macro   0x0000000000019b2d       0x81 Core/Src/gpio.o
 .debug_macro   0x0000000000019bae       0xd3 Core/Src/gpio.o
 .debug_macro   0x0000000000019c81      0x589 Core/Src/gpio.o
 .debug_macro   0x000000000001a20a       0x44 Core/Src/gpio.o
 .debug_macro   0x000000000001a24e      0x347 Core/Src/gpio.o
 .debug_macro   0x000000000001a595       0xac Core/Src/gpio.o
 .debug_macro   0x000000000001a641      0x1e1 Core/Src/main.o
 .debug_macro   0x000000000001a822      0x1c9 Core/Src/stm32f3xx_hal_msp.o
 .debug_macro   0x000000000001a9eb      0x1d3 Core/Src/stm32f3xx_it.o
 .debug_macro   0x000000000001abbe      0x1c0 Core/Src/system_stm32f3xx.o
 .debug_macro   0x000000000001ad7e      0x329 Core/Src/usart.o
 .debug_macro   0x000000000001b0a7       0x46 Core/Src/usart.o
 .debug_macro   0x000000000001b0ed      0x32a Core/Src/usart.o
 .debug_macro   0x000000000001b417      0x1de Drivers/STM32F3xx_HAL_Driver/Src/stm32f3xx_hal.o
 .debug_macro   0x000000000001b5f5      0x1ba Drivers/STM32F3xx_HAL_Driver/Src/stm32f3xx_hal_cortex.o
 .debug_macro   0x000000000001b7af      0x1ba Drivers/STM32F3xx_HAL_Driver/Src/stm32f3xx_hal_dma.o
 .debug_macro   0x000000000001b969      0x1f2 Drivers/STM32F3xx_HAL_Driver/Src/stm32f3xx_hal_gpio.o
 .debug_macro   0x000000000001bb5b      0x1de Drivers/STM32F3xx_HAL_Driver/Src/stm32f3xx_hal_rcc.o
 .debug_macro   0x000000000001bd39      0x1ba Drivers/STM32F3xx_HAL_Driver/Src/stm32f3xx_hal_rcc_ex.o
 .debug_macro   0x000000000001bef3      0x1d7 Drivers/STM32F3xx_HAL_Driver/Src/stm32f3xx_hal_uart.o
 .debug_macro   0x000000000001c0ca      0x1ba Drivers/STM32F3xx_HAL_Driver/Src/stm32f3xx_hal_uart_ex.o

.debug_line     0x0000000000000000     0x857f
 .debug_line    0x0000000000000000      0x702 Core/Src/gpio.o
 .debug_line    0x0000000000000702      0x73f Core/Src/main.o
 .debug_line    0x0000000000000e41      0x6ee Core/Src/stm32f3xx_hal_msp.o
 .debug_line    0x000000000000152f      0x7a3 Core/Src/stm32f3xx_it.o
 .debug_line    0x0000000000001cd2      0x70d Core/Src/system_stm32f3xx.o
 .debug_line    0x00000000000023df      0x9ea Core/Src/usart.o
 .debug_line    0x0000000000002dc9       0x85 Core/Startup/startup_stm32f303retx.o
 .debug_line    0x0000000000002e4e      0x8c8 Drivers/STM32F3xx_HAL_Driver/Src/stm32f3xx_hal.o
 .debug_line    0x0000000000003716      0x9fd Drivers/STM32F3xx_HAL_Driver/Src/stm32f3xx_hal_cortex.o
 .debug_line    0x0000000000004113      0x907 Drivers/STM32F3xx_HAL_Driver/Src/stm32f3xx_hal_dma.o
 .debug_line    0x0000000000004a1a      0x8a5 Drivers/STM32F3xx_HAL_Driver/Src/stm32f3xx_hal_gpio.o
 .debug_line    0x00000000000052bf      0xe43 Drivers/STM32F3xx_HAL_Driver/Src/stm32f3xx_hal_rcc.o
 .debug_line    0x0000000000006102      0xa69 Drivers/STM32F3xx_HAL_Driver/Src/stm32f3xx_hal_rcc_ex.o
 .debug_line    0x0000000000006b6b     0x122e Drivers/STM32F3xx_HAL_Driver/Src/stm32f3xx_hal_uart.o
 .debug_line    0x0000000000007d99      0x7e6 Drivers/STM32F3xx_HAL_Driver/Src/stm32f3xx_hal_uart_ex.o

.debug_str      0x0000000000000000    0xa6cc5
 .debug_str     0x0000000000000000    0xa05c9 Core/Src/gpio.o
                                      0xa0bec (size before relaxing)
 .debug_str     0x00000000000a05c9      0x6f1 Core/Src/main.o
                                      0xa1256 (size before relaxing)
 .debug_str     0x00000000000a0cba       0x2c Core/Src/stm32f3xx_hal_msp.o
                                      0xa0b51 (size before relaxing)
 .debug_str     0x00000000000a0ce6       0xcf Core/Src/stm32f3xx_it.o
                                      0xa0f7c (size before relaxing)
 .debug_str     0x00000000000a0db5       0xd1 Core/Src/system_stm32f3xx.o
                                      0xa0984 (size before relaxing)
 .debug_str     0x00000000000a0e86     0x4445 Core/Src/usart.o
                                      0xa55a0 (size before relaxing)
 .debug_str     0x00000000000a52cb       0x36 Core/Startup/startup_stm32f303retx.o
                                         0x65 (size before relaxing)
 .debug_str     0x00000000000a5301      0x3d9 Drivers/STM32F3xx_HAL_Driver/Src/stm32f3xx_hal.o
                                      0xa1177 (size before relaxing)
 .debug_str     0x00000000000a56da      0x3cd Drivers/STM32F3xx_HAL_Driver/Src/stm32f3xx_hal_cortex.o
                                      0xa1285 (size before relaxing)
 .debug_str     0x00000000000a5aa7      0x24d Drivers/STM32F3xx_HAL_Driver/Src/stm32f3xx_hal_dma.o
                                      0xa0cea (size before relaxing)
 .debug_str     0x00000000000a5cf4      0x27e Drivers/STM32F3xx_HAL_Driver/Src/stm32f3xx_hal_gpio.o
                                      0xa0c4e (size before relaxing)
 .debug_str     0x00000000000a5f72      0x31f Drivers/STM32F3xx_HAL_Driver/Src/stm32f3xx_hal_rcc.o
                                      0xa0de2 (size before relaxing)
 .debug_str     0x00000000000a6291       0xd8 Drivers/STM32F3xx_HAL_Driver/Src/stm32f3xx_hal_rcc_ex.o
                                      0xa0c2c (size before relaxing)
 .debug_str     0x00000000000a6369      0x7f3 Drivers/STM32F3xx_HAL_Driver/Src/stm32f3xx_hal_uart.o
                                      0xa153e (size before relaxing)
 .debug_str     0x00000000000a6b5c      0x169 Drivers/STM32F3xx_HAL_Driver/Src/stm32f3xx_hal_uart_ex.o
                                      0xa0e06 (size before relaxing)

.comment        0x0000000000000000       0x7b
 .comment       0x0000000000000000       0x7b Core/Src/gpio.o
                                         0x7c (size before relaxing)
 .comment       0x000000000000007b       0x7c Core/Src/main.o
 .comment       0x000000000000007b       0x7c Core/Src/stm32f3xx_hal_msp.o
 .comment       0x000000000000007b       0x7c Core/Src/stm32f3xx_it.o
 .comment       0x000000000000007b       0x7c Core/Src/system_stm32f3xx.o
 .comment       0x000000000000007b       0x7c Core/Src/usart.o
 .comment       0x000000000000007b       0x7c Drivers/STM32F3xx_HAL_Driver/Src/stm32f3xx_hal.o
 .comment       0x000000000000007b       0x7c Drivers/STM32F3xx_HAL_Driver/Src/stm32f3xx_hal_cortex.o
 .comment       0x000000000000007b       0x7c Drivers/STM32F3xx_HAL_Driver/Src/stm32f3xx_hal_dma.o
 .comment       0x000000000000007b       0x7c Drivers/STM32F3xx_HAL_Driver/Src/stm32f3xx_hal_gpio.o
 .comment       0x000000000000007b       0x7c Drivers/STM32F3xx_HAL_Driver/Src/stm32f3xx_hal_rcc.o
 .comment       0x000000000000007b       0x7c Drivers/STM32F3xx_HAL_Driver/Src/stm32f3xx_hal_rcc_ex.o
 .comment       0x000000000000007b       0x7c Drivers/STM32F3xx_HAL_Driver/Src/stm32f3xx_hal_uart.o
 .comment       0x000000000000007b       0x7c Drivers/STM32F3xx_HAL_Driver/Src/stm32f3xx_hal_uart_ex.o

.debug_frame    0x0000000000000000     0x1bd8
 .debug_frame   0x0000000000000000       0x34 Core/Src/gpio.o
 .debug_frame   0x0000000000000034       0x74 Core/Src/main.o
 .debug_frame   0x00000000000000a8       0x34 Core/Src/stm32f3xx_hal_msp.o
 .debug_frame   0x00000000000000dc      0x128 Core/Src/stm32f3xx_it.o
 .debug_frame   0x0000000000000204       0x58 Core/Src/system_stm32f3xx.o
 .debug_frame   0x000000000000025c       0x9c Core/Src/usart.o
 .debug_frame   0x00000000000002f8      0x334 Drivers/STM32F3xx_HAL_Driver/Src/stm32f3xx_hal.o
 .debug_frame   0x000000000000062c      0x498 Drivers/STM32F3xx_HAL_Driver/Src/stm32f3xx_hal_cortex.o
 .debug_frame   0x0000000000000ac4      0x224 Drivers/STM32F3xx_HAL_Driver/Src/stm32f3xx_hal_dma.o
 .debug_frame   0x0000000000000ce8      0x14c Drivers/STM32F3xx_HAL_Driver/Src/stm32f3xx_hal_gpio.o
 .debug_frame   0x0000000000000e34      0x214 Drivers/STM32F3xx_HAL_Driver/Src/stm32f3xx_hal_rcc.o
 .debug_frame   0x0000000000001048       0xb4 Drivers/STM32F3xx_HAL_Driver/Src/stm32f3xx_hal_rcc_ex.o
 .debug_frame   0x00000000000010fc      0x970 Drivers/STM32F3xx_HAL_Driver/Src/stm32f3xx_hal_uart.o
 .debug_frame   0x0000000000001a6c      0x120 Drivers/STM32F3xx_HAL_Driver/Src/stm32f3xx_hal_uart_ex.o
 .debug_frame   0x0000000000001b8c       0x2c d:/programs/stm32_cube/stm32cubeide_1.3.0/stm32cubeide/plugins/com.st.stm32cube.ide.mcu.externaltools.gnu-tools-for-stm32.7-2018-q2-update.win32_1.0.0.201904181610/tools/bin/../lib/gcc/arm-none-eabi/7.3.1/../../../../arm-none-eabi/lib/thumb/v7e-m/fpv4-sp/hard\libc_nano.a(lib_a-init.o)
 .debug_frame   0x0000000000001bb8       0x20 d:/programs/stm32_cube/stm32cubeide_1.3.0/stm32cubeide/plugins/com.st.stm32cube.ide.mcu.externaltools.gnu-tools-for-stm32.7-2018-q2-update.win32_1.0.0.201904181610/tools/bin/../lib/gcc/arm-none-eabi/7.3.1/../../../../arm-none-eabi/lib/thumb/v7e-m/fpv4-sp/hard\libc_nano.a(lib_a-memset.o)
